---
source: tui/src/chatwidget/tests/popups_and_settings.rs
assertion_line: 3384
expression: "render_bottom_popup(&chat, 80)"
---
  Switch provider?

  Changing providers starts a new task without copying conversation history.


› 1. Start new task  Use qwen-max with Qwen
  2. Cancel          Keep the current task and provider

  enter select · esc back
